// Jest Snapshot v1, https://goo.gl/fbAQLP

exports[`ComponentBreakfast should render correctly in "debug" mode 1`] = `
<div>
  <p>
    Loading...
  </p>
</div>
`;
