// Jest Snapshot v1, https://goo.gl/fbAQLP

exports[`ComponentLunch should render correctly in "debug" mode 1`] = `
<div
  className="lunch-div"
>
  <p>
    Loading...
  </p>
</div>
`;
